// Jest Snapshot v1, https://goo.gl/fbAQLP

exports[`SignupScreen should render signup screen correctly 1`] = `
<View
  onLayout={[Function]}
  style={
    {
      "flex": 1,
    }
  }
>
  <View
    accessibilityState={
      {
        "busy": undefined,
        "checked": undefined,
        "disabled": undefined,
        "expanded": undefined,
        "selected": undefined,
      }
    }
    accessible={true}
    focusable={true}
    onClick={[Function]}
    onResponderGrant={[Function]}
    onResponderMove={[Function]}
    onResponderRelease={[Function]}
    onResponderTerminate={[Function]}
    onResponderTerminationRequest={[Function]}
    onStartShouldSetResponder={[Function]}
    style={
      {
        "alignItems": "center",
        "flex": 1,
      }
    }
  >
    <Text
      style={
        {
          "marginTop": 25,
        }
      }
    >
      Signup
    </Text>
    <View
      style={
        {
          "marginTop": 20,
          "width": "80%",
        }
      }
    >
      <TextInput
        onChangeText={[Function]}
        placeholder="Name"
        placeholderTextColor="#11181C"
        style={
          [
            {
              "borderColor": "#ccc",
              "borderRadius": 5,
              "borderWidth": 1,
              "fontSize": 16,
              "marginBottom": 10,
              "paddingHorizontal": 12,
              "paddingVertical": 10,
            },
            {
              "color": "#11181C",
            },
            undefined,
          ]
        }
        value=""
      />
      <TextInput
        keyboardType="phone-pad"
        maxLength={10}
        onChangeText={[Function]}
        placeholder="Mobile Number"
        placeholderTextColor="#11181C"
        style={
          [
            {
              "borderColor": "#ccc",
              "borderRadius": 5,
              "borderWidth": 1,
              "fontSize": 16,
              "marginBottom": 10,
              "paddingHorizontal": 12,
              "paddingVertical": 10,
            },
            {
              "color": "#11181C",
            },
            undefined,
          ]
        }
        textContentType="telephoneNumber"
        value=""
      />
      <TextInput
        onChangeText={[Function]}
        placeholder="Password"
        placeholderTextColor="#11181C"
        secureTextEntry={true}
        style={
          [
            {
              "borderColor": "#ccc",
              "borderRadius": 5,
              "borderWidth": 1,
              "fontSize": 16,
              "marginBottom": 10,
              "paddingHorizontal": 12,
              "paddingVertical": 10,
            },
            {
              "color": "#11181C",
            },
            undefined,
          ]
        }
        textContentType="password"
        value=""
      />
      <View
        accessibilityState={
          {
            "busy": undefined,
            "checked": undefined,
            "disabled": false,
            "expanded": undefined,
            "selected": undefined,
          }
        }
        accessibilityValue={
          {
            "max": undefined,
            "min": undefined,
            "now": undefined,
            "text": undefined,
          }
        }
        accessible={true}
        collapsable={false}
        focusable={true}
        onClick={[Function]}
        onResponderGrant={[Function]}
        onResponderMove={[Function]}
        onResponderRelease={[Function]}
        onResponderTerminate={[Function]}
        onResponderTerminationRequest={[Function]}
        onStartShouldSetResponder={[Function]}
        style={
          {
            "backgroundColor": "#a679a6",
            "borderRadius": 10,
            "marginTop": 5,
            "opacity": 1,
            "paddingVertical": 10,
            "width": "100%",
          }
        }
        testID="signup-button"
      >
        <Text
          style={
            {
              "color": "#fff",
              "fontSize": 18,
              "textAlign": "center",
            }
          }
        >
          Signup
        </Text>
      </View>
    </View>
  </View>
</View>
`;
